{"validates":"false","warnings":[],"errors":["object has missing required properties ([\"oslc:modifiedBy\",\"pav:createdBy\",\"pav:createdOn\",\"pav:lastUpdatedOn\"])","Error validating artifact at path / against CEDAR sub-schema provenanceFields.json"]}