{"validates":"false","warnings":[],"errors":["object has missing required properties ([\"title\"])","Error validating artifact at path / against CEDAR sub-schema coreJSONSchemaFields.json"]}