{"validates":"false","warnings":["the following keywords are unknown and will be ignored: [@context, @id, @type, _ui, oslc:modifiedBy, pav:createdBy, pav:createdOn, pav:lastUpdatedOn]","the following keywords are unknown and will be ignored: [@context, @id, @type, _ui, oslc:modifiedBy, pav:createdBy, pav:createdOn, pav:lastUpdatedOn]","the following keywords are unknown and will be ignored: [@context, @id, @type, _ui, _valueConstraints, oslc:modifiedBy, pav:createdBy, pav:createdOn, pav:lastUpdatedOn]","the following keywords are unknown and will be ignored: [@context, @id, @type, _ui, _valueConstraints, oslc:modifiedBy, pav:createdBy, pav:createdOn, pav:lastUpdatedOn]","the following keywords are unknown and will be ignored: [@context, @id, @type, _ui, _valueConstraints, oslc:modifiedBy, pav:createdBy, pav:createdOn, pav:lastUpdatedOn]","the following keywords are unknown and will be ignored: [@context, @id, @type, _ui, _valueConstraints, oslc:modifiedBy, pav:createdBy, pav:createdOn, pav:lastUpdatedOn]","the following keywords are unknown and will be ignored: [@context, @id, @type, _ui, _valueConstraints, oslc:modifiedBy, pav:createdBy, pav:createdOn, pav:lastUpdatedOn]"],"errors":["object has missing required properties ([\"@context\"])"]}