{"validates":"false","warnings":[],"errors":["A template field with value constraints must not have a '@value' field at path /properties/"]}