{"validates":"false","warnings":[],"errors":["A template field without value constraints must not have an '@id' field at path /properties/"]}