{"validates":"false","warnings":[],"errors":["A template field with value constraints must have an '@id' and not a '@value' field at path /properties/"]}