{"validates":"false","warnings":[],"errors":["object has missing required properties ([\"@context\"])","Error validating artifact at path / against CEDAR sub-schema templateFieldJSONLDContextField.json"]}