{"validates":"false","warnings":[],"errors":["object has missing required properties ([\"required\"])","Error validating artifact at path / against CEDAR sub-schema templateFieldSingleValueContent.json"]}