{"validates":"false","warnings":[],"errors":["object has missing required properties ([\"description\"])","Error validating artifact at path / against CEDAR sub-schema coreJSONSchemaFields.json"]}