{"validates":"false","warnings":[],"errors":["object has missing required properties ([\"@id\"])","Error validating artifact at path / against CEDAR sub-schema templateFieldSingleValueContent.json"]}