{"validates":"false","warnings":[],"errors":["object has missing required properties ([\"@type\"])","Error validating artifact at path / against CEDAR sub-schema jsonLDTypeField.json"]}