{"validates":"false","warnings":[],"errors":["A template field with value constraints must have an '@id' field at path /properties/"]}