{"validates":"false","warnings":[],"errors":["object has missing required properties ([\"additionalProperties\"])","Error validating artifact at path / against CEDAR sub-schema templateFieldSingleValueContent.json"]}