{"validates":"false","warnings":[],"errors":["No JSON Schema properties field in artifact at path /"]}