{"validates":"false","warnings":[],"errors":["object has missing required properties ([\"_valueConstraints\"])","Error validating artifact at path / against CEDAR sub-schema valueConstraintsField.json"]}